// Jest Snapshot v1, https://goo.gl/fbAQLP

exports[`expect to render Card Componet 1`] = `
<div>
  <Card
    email="test@test.com"
    id={1}
    key="0"
    name="test"
  />
</div>
`;
