// Jest Snapshot v1, https://goo.gl/fbAQLP

exports[`Expect to render Mainpage Componet 1`] = `
<div
  className="tc"
>
  <Header />
  <SearchBox />
  <Scroll>
    <CardList
      robots={[Function]}
    />
  </Scroll>
</div>
`;
